ARM GAS  C:\Users\HOTEL-~1\AppData\Local\Temp\ccz6OsFn.s 			page 1


   1              		.cpu cortex-m4
   2              		.arch armv7e-m
   3              		.fpu fpv4-sp-d16
   4              		.eabi_attribute 27, 1
   5              		.eabi_attribute 28, 1
   6              		.eabi_attribute 20, 1
   7              		.eabi_attribute 21, 1
   8              		.eabi_attribute 23, 3
   9              		.eabi_attribute 24, 1
  10              		.eabi_attribute 25, 1
  11              		.eabi_attribute 26, 1
  12              		.eabi_attribute 30, 1
  13              		.eabi_attribute 34, 1
  14              		.eabi_attribute 18, 4
  15              		.file	"stm32f4xx_hal_msp.c"
  16              		.text
  17              	.Ltext0:
  18              		.cfi_sections	.debug_frame
  19              		.file 1 "Core/Src/stm32f4xx_hal_msp.c"
  20              		.section	.text.HAL_MspInit,"ax",%progbits
  21              		.align	1
  22              		.global	HAL_MspInit
  23              		.syntax unified
  24              		.thumb
  25              		.thumb_func
  27              	HAL_MspInit:
  28              	.LFB134:
   1:Core/Src/stm32f4xx_hal_msp.c **** /* USER CODE BEGIN Header */
   2:Core/Src/stm32f4xx_hal_msp.c **** /**
   3:Core/Src/stm32f4xx_hal_msp.c ****   ******************************************************************************
   4:Core/Src/stm32f4xx_hal_msp.c ****   * @file         stm32f4xx_hal_msp.c
   5:Core/Src/stm32f4xx_hal_msp.c ****   * @brief        This file provides code for the MSP Initialization
   6:Core/Src/stm32f4xx_hal_msp.c ****   *               and de-Initialization codes.
   7:Core/Src/stm32f4xx_hal_msp.c ****   ******************************************************************************
   8:Core/Src/stm32f4xx_hal_msp.c ****   * @attention
   9:Core/Src/stm32f4xx_hal_msp.c ****   *
  10:Core/Src/stm32f4xx_hal_msp.c ****   * Copyright (c) 2025 STMicroelectronics.
  11:Core/Src/stm32f4xx_hal_msp.c ****   * All rights reserved.
  12:Core/Src/stm32f4xx_hal_msp.c ****   *
  13:Core/Src/stm32f4xx_hal_msp.c ****   * This software is licensed under terms that can be found in the LICENSE file
  14:Core/Src/stm32f4xx_hal_msp.c ****   * in the root directory of this software component.
  15:Core/Src/stm32f4xx_hal_msp.c ****   * If no LICENSE file comes with this software, it is provided AS-IS.
  16:Core/Src/stm32f4xx_hal_msp.c ****   *
  17:Core/Src/stm32f4xx_hal_msp.c ****   ******************************************************************************
  18:Core/Src/stm32f4xx_hal_msp.c ****   */
  19:Core/Src/stm32f4xx_hal_msp.c **** /* USER CODE END Header */
  20:Core/Src/stm32f4xx_hal_msp.c **** 
  21:Core/Src/stm32f4xx_hal_msp.c **** /* Includes ------------------------------------------------------------------*/
  22:Core/Src/stm32f4xx_hal_msp.c **** #include "main.h"
  23:Core/Src/stm32f4xx_hal_msp.c **** /* USER CODE BEGIN Includes */
  24:Core/Src/stm32f4xx_hal_msp.c **** 
  25:Core/Src/stm32f4xx_hal_msp.c **** /* USER CODE END Includes */
  26:Core/Src/stm32f4xx_hal_msp.c **** 
  27:Core/Src/stm32f4xx_hal_msp.c **** /* Private typedef -----------------------------------------------------------*/
  28:Core/Src/stm32f4xx_hal_msp.c **** /* USER CODE BEGIN TD */
  29:Core/Src/stm32f4xx_hal_msp.c **** 
  30:Core/Src/stm32f4xx_hal_msp.c **** /* USER CODE END TD */
ARM GAS  C:\Users\HOTEL-~1\AppData\Local\Temp\ccz6OsFn.s 			page 2


  31:Core/Src/stm32f4xx_hal_msp.c **** 
  32:Core/Src/stm32f4xx_hal_msp.c **** /* Private define ------------------------------------------------------------*/
  33:Core/Src/stm32f4xx_hal_msp.c **** /* USER CODE BEGIN Define */
  34:Core/Src/stm32f4xx_hal_msp.c **** 
  35:Core/Src/stm32f4xx_hal_msp.c **** /* USER CODE END Define */
  36:Core/Src/stm32f4xx_hal_msp.c **** 
  37:Core/Src/stm32f4xx_hal_msp.c **** /* Private macro -------------------------------------------------------------*/
  38:Core/Src/stm32f4xx_hal_msp.c **** /* USER CODE BEGIN Macro */
  39:Core/Src/stm32f4xx_hal_msp.c **** 
  40:Core/Src/stm32f4xx_hal_msp.c **** /* USER CODE END Macro */
  41:Core/Src/stm32f4xx_hal_msp.c **** 
  42:Core/Src/stm32f4xx_hal_msp.c **** /* Private variables ---------------------------------------------------------*/
  43:Core/Src/stm32f4xx_hal_msp.c **** /* USER CODE BEGIN PV */
  44:Core/Src/stm32f4xx_hal_msp.c **** 
  45:Core/Src/stm32f4xx_hal_msp.c **** /* USER CODE END PV */
  46:Core/Src/stm32f4xx_hal_msp.c **** 
  47:Core/Src/stm32f4xx_hal_msp.c **** /* Private function prototypes -----------------------------------------------*/
  48:Core/Src/stm32f4xx_hal_msp.c **** /* USER CODE BEGIN PFP */
  49:Core/Src/stm32f4xx_hal_msp.c **** 
  50:Core/Src/stm32f4xx_hal_msp.c **** /* USER CODE END PFP */
  51:Core/Src/stm32f4xx_hal_msp.c **** 
  52:Core/Src/stm32f4xx_hal_msp.c **** /* External functions --------------------------------------------------------*/
  53:Core/Src/stm32f4xx_hal_msp.c **** /* USER CODE BEGIN ExternalFunctions */
  54:Core/Src/stm32f4xx_hal_msp.c **** 
  55:Core/Src/stm32f4xx_hal_msp.c **** /* USER CODE END ExternalFunctions */
  56:Core/Src/stm32f4xx_hal_msp.c **** 
  57:Core/Src/stm32f4xx_hal_msp.c **** /* USER CODE BEGIN 0 */
  58:Core/Src/stm32f4xx_hal_msp.c **** 
  59:Core/Src/stm32f4xx_hal_msp.c **** /* USER CODE END 0 */
  60:Core/Src/stm32f4xx_hal_msp.c **** 
  61:Core/Src/stm32f4xx_hal_msp.c **** void HAL_TIM_MspPostInit(TIM_HandleTypeDef *htim);
  62:Core/Src/stm32f4xx_hal_msp.c ****                     /**
  63:Core/Src/stm32f4xx_hal_msp.c ****   * Initializes the Global MSP.
  64:Core/Src/stm32f4xx_hal_msp.c ****   */
  65:Core/Src/stm32f4xx_hal_msp.c **** void HAL_MspInit(void)
  66:Core/Src/stm32f4xx_hal_msp.c **** {
  29              		.loc 1 66 1 view -0
  30              		.cfi_startproc
  31              		@ args = 0, pretend = 0, frame = 8
  32              		@ frame_needed = 0, uses_anonymous_args = 0
  33              		@ link register save eliminated.
  34 0000 82B0     		sub	sp, sp, #8
  35              	.LCFI0:
  36              		.cfi_def_cfa_offset 8
  67:Core/Src/stm32f4xx_hal_msp.c **** 
  68:Core/Src/stm32f4xx_hal_msp.c ****   /* USER CODE BEGIN MspInit 0 */
  69:Core/Src/stm32f4xx_hal_msp.c **** 
  70:Core/Src/stm32f4xx_hal_msp.c ****   /* USER CODE END MspInit 0 */
  71:Core/Src/stm32f4xx_hal_msp.c **** 
  72:Core/Src/stm32f4xx_hal_msp.c ****   __HAL_RCC_SYSCFG_CLK_ENABLE();
  37              		.loc 1 72 3 view .LVU1
  38              	.LBB2:
  39              		.loc 1 72 3 view .LVU2
  40 0002 0021     		movs	r1, #0
  41 0004 0091     		str	r1, [sp]
  42              		.loc 1 72 3 view .LVU3
  43 0006 0B4B     		ldr	r3, .L3
ARM GAS  C:\Users\HOTEL-~1\AppData\Local\Temp\ccz6OsFn.s 			page 3


  44 0008 5A6C     		ldr	r2, [r3, #68]
  45 000a 42F48042 		orr	r2, r2, #16384
  46 000e 5A64     		str	r2, [r3, #68]
  47              		.loc 1 72 3 view .LVU4
  48 0010 5A6C     		ldr	r2, [r3, #68]
  49 0012 02F48042 		and	r2, r2, #16384
  50 0016 0092     		str	r2, [sp]
  51              		.loc 1 72 3 view .LVU5
  52 0018 009A     		ldr	r2, [sp]
  53              	.LBE2:
  54              		.loc 1 72 3 view .LVU6
  73:Core/Src/stm32f4xx_hal_msp.c ****   __HAL_RCC_PWR_CLK_ENABLE();
  55              		.loc 1 73 3 view .LVU7
  56              	.LBB3:
  57              		.loc 1 73 3 view .LVU8
  58 001a 0191     		str	r1, [sp, #4]
  59              		.loc 1 73 3 view .LVU9
  60 001c 1A6C     		ldr	r2, [r3, #64]
  61 001e 42F08052 		orr	r2, r2, #268435456
  62 0022 1A64     		str	r2, [r3, #64]
  63              		.loc 1 73 3 view .LVU10
  64 0024 1B6C     		ldr	r3, [r3, #64]
  65 0026 03F08053 		and	r3, r3, #268435456
  66 002a 0193     		str	r3, [sp, #4]
  67              		.loc 1 73 3 view .LVU11
  68 002c 019B     		ldr	r3, [sp, #4]
  69              	.LBE3:
  70              		.loc 1 73 3 view .LVU12
  74:Core/Src/stm32f4xx_hal_msp.c **** 
  75:Core/Src/stm32f4xx_hal_msp.c ****   /* System interrupt init*/
  76:Core/Src/stm32f4xx_hal_msp.c **** 
  77:Core/Src/stm32f4xx_hal_msp.c ****   /* USER CODE BEGIN MspInit 1 */
  78:Core/Src/stm32f4xx_hal_msp.c **** 
  79:Core/Src/stm32f4xx_hal_msp.c ****   /* USER CODE END MspInit 1 */
  80:Core/Src/stm32f4xx_hal_msp.c **** }
  71              		.loc 1 80 1 is_stmt 0 view .LVU13
  72 002e 02B0     		add	sp, sp, #8
  73              	.LCFI1:
  74              		.cfi_def_cfa_offset 0
  75              		@ sp needed
  76 0030 7047     		bx	lr
  77              	.L4:
  78 0032 00BF     		.align	2
  79              	.L3:
  80 0034 00380240 		.word	1073887232
  81              		.cfi_endproc
  82              	.LFE134:
  84              		.section	.text.HAL_TIM_Base_MspInit,"ax",%progbits
  85              		.align	1
  86              		.global	HAL_TIM_Base_MspInit
  87              		.syntax unified
  88              		.thumb
  89              		.thumb_func
  91              	HAL_TIM_Base_MspInit:
  92              	.LVL0:
  93              	.LFB135:
  81:Core/Src/stm32f4xx_hal_msp.c **** 
ARM GAS  C:\Users\HOTEL-~1\AppData\Local\Temp\ccz6OsFn.s 			page 4


  82:Core/Src/stm32f4xx_hal_msp.c **** /**
  83:Core/Src/stm32f4xx_hal_msp.c ****   * @brief TIM_Base MSP Initialization
  84:Core/Src/stm32f4xx_hal_msp.c ****   * This function configures the hardware resources used in this example
  85:Core/Src/stm32f4xx_hal_msp.c ****   * @param htim_base: TIM_Base handle pointer
  86:Core/Src/stm32f4xx_hal_msp.c ****   * @retval None
  87:Core/Src/stm32f4xx_hal_msp.c ****   */
  88:Core/Src/stm32f4xx_hal_msp.c **** void HAL_TIM_Base_MspInit(TIM_HandleTypeDef* htim_base)
  89:Core/Src/stm32f4xx_hal_msp.c **** {
  94              		.loc 1 89 1 is_stmt 1 view -0
  95              		.cfi_startproc
  96              		@ args = 0, pretend = 0, frame = 32
  97              		@ frame_needed = 0, uses_anonymous_args = 0
  98              		.loc 1 89 1 is_stmt 0 view .LVU15
  99 0000 10B5     		push	{r4, lr}
 100              	.LCFI2:
 101              		.cfi_def_cfa_offset 8
 102              		.cfi_offset 4, -8
 103              		.cfi_offset 14, -4
 104 0002 88B0     		sub	sp, sp, #32
 105              	.LCFI3:
 106              		.cfi_def_cfa_offset 40
  90:Core/Src/stm32f4xx_hal_msp.c ****   GPIO_InitTypeDef GPIO_InitStruct = {0};
 107              		.loc 1 90 3 is_stmt 1 view .LVU16
 108              		.loc 1 90 20 is_stmt 0 view .LVU17
 109 0004 0023     		movs	r3, #0
 110 0006 0393     		str	r3, [sp, #12]
 111 0008 0493     		str	r3, [sp, #16]
 112 000a 0593     		str	r3, [sp, #20]
 113 000c 0693     		str	r3, [sp, #24]
 114 000e 0793     		str	r3, [sp, #28]
  91:Core/Src/stm32f4xx_hal_msp.c ****   if(htim_base->Instance==TIM3)
 115              		.loc 1 91 3 is_stmt 1 view .LVU18
 116              		.loc 1 91 15 is_stmt 0 view .LVU19
 117 0010 0368     		ldr	r3, [r0]
 118              		.loc 1 91 5 view .LVU20
 119 0012 1E4A     		ldr	r2, .L11
 120 0014 9342     		cmp	r3, r2
 121 0016 04D0     		beq	.L9
  92:Core/Src/stm32f4xx_hal_msp.c ****   {
  93:Core/Src/stm32f4xx_hal_msp.c ****     /* USER CODE BEGIN TIM3_MspInit 0 */
  94:Core/Src/stm32f4xx_hal_msp.c **** 
  95:Core/Src/stm32f4xx_hal_msp.c ****     /* USER CODE END TIM3_MspInit 0 */
  96:Core/Src/stm32f4xx_hal_msp.c ****     /* Peripheral clock enable */
  97:Core/Src/stm32f4xx_hal_msp.c ****     __HAL_RCC_TIM3_CLK_ENABLE();
  98:Core/Src/stm32f4xx_hal_msp.c **** 
  99:Core/Src/stm32f4xx_hal_msp.c ****     __HAL_RCC_GPIOA_CLK_ENABLE();
 100:Core/Src/stm32f4xx_hal_msp.c ****     /**TIM3 GPIO Configuration
 101:Core/Src/stm32f4xx_hal_msp.c ****     PA6     ------> TIM3_CH1
 102:Core/Src/stm32f4xx_hal_msp.c ****     */
 103:Core/Src/stm32f4xx_hal_msp.c ****     GPIO_InitStruct.Pin = GPIO_PIN_6;
 104:Core/Src/stm32f4xx_hal_msp.c ****     GPIO_InitStruct.Mode = GPIO_MODE_AF_PP;
 105:Core/Src/stm32f4xx_hal_msp.c ****     GPIO_InitStruct.Pull = GPIO_NOPULL;
 106:Core/Src/stm32f4xx_hal_msp.c ****     GPIO_InitStruct.Speed = GPIO_SPEED_FREQ_LOW;
 107:Core/Src/stm32f4xx_hal_msp.c ****     GPIO_InitStruct.Alternate = GPIO_AF2_TIM3;
 108:Core/Src/stm32f4xx_hal_msp.c ****     HAL_GPIO_Init(GPIOA, &GPIO_InitStruct);
 109:Core/Src/stm32f4xx_hal_msp.c **** 
 110:Core/Src/stm32f4xx_hal_msp.c ****     /* TIM3 interrupt Init */
ARM GAS  C:\Users\HOTEL-~1\AppData\Local\Temp\ccz6OsFn.s 			page 5


 111:Core/Src/stm32f4xx_hal_msp.c ****     HAL_NVIC_SetPriority(TIM3_IRQn, 0, 0);
 112:Core/Src/stm32f4xx_hal_msp.c ****     HAL_NVIC_EnableIRQ(TIM3_IRQn);
 113:Core/Src/stm32f4xx_hal_msp.c ****     /* USER CODE BEGIN TIM3_MspInit 1 */
 114:Core/Src/stm32f4xx_hal_msp.c **** 
 115:Core/Src/stm32f4xx_hal_msp.c ****     /* USER CODE END TIM3_MspInit 1 */
 116:Core/Src/stm32f4xx_hal_msp.c ****   }
 117:Core/Src/stm32f4xx_hal_msp.c ****   else if(htim_base->Instance==TIM4)
 122              		.loc 1 117 8 is_stmt 1 view .LVU21
 123              		.loc 1 117 10 is_stmt 0 view .LVU22
 124 0018 1D4A     		ldr	r2, .L11+4
 125 001a 9342     		cmp	r3, r2
 126 001c 29D0     		beq	.L10
 127              	.LVL1:
 128              	.L5:
 118:Core/Src/stm32f4xx_hal_msp.c ****   {
 119:Core/Src/stm32f4xx_hal_msp.c ****     /* USER CODE BEGIN TIM4_MspInit 0 */
 120:Core/Src/stm32f4xx_hal_msp.c **** 
 121:Core/Src/stm32f4xx_hal_msp.c ****     /* USER CODE END TIM4_MspInit 0 */
 122:Core/Src/stm32f4xx_hal_msp.c ****     /* Peripheral clock enable */
 123:Core/Src/stm32f4xx_hal_msp.c ****     __HAL_RCC_TIM4_CLK_ENABLE();
 124:Core/Src/stm32f4xx_hal_msp.c ****     /* USER CODE BEGIN TIM4_MspInit 1 */
 125:Core/Src/stm32f4xx_hal_msp.c **** 
 126:Core/Src/stm32f4xx_hal_msp.c ****     /* USER CODE END TIM4_MspInit 1 */
 127:Core/Src/stm32f4xx_hal_msp.c ****   }
 128:Core/Src/stm32f4xx_hal_msp.c **** 
 129:Core/Src/stm32f4xx_hal_msp.c **** }
 129              		.loc 1 129 1 view .LVU23
 130 001e 08B0     		add	sp, sp, #32
 131              	.LCFI4:
 132              		.cfi_remember_state
 133              		.cfi_def_cfa_offset 8
 134              		@ sp needed
 135 0020 10BD     		pop	{r4, pc}
 136              	.LVL2:
 137              	.L9:
 138              	.LCFI5:
 139              		.cfi_restore_state
  97:Core/Src/stm32f4xx_hal_msp.c **** 
 140              		.loc 1 97 5 is_stmt 1 view .LVU24
 141              	.LBB4:
  97:Core/Src/stm32f4xx_hal_msp.c **** 
 142              		.loc 1 97 5 view .LVU25
 143 0022 0024     		movs	r4, #0
 144 0024 0094     		str	r4, [sp]
  97:Core/Src/stm32f4xx_hal_msp.c **** 
 145              		.loc 1 97 5 view .LVU26
 146 0026 1B4B     		ldr	r3, .L11+8
 147 0028 1A6C     		ldr	r2, [r3, #64]
 148 002a 42F00202 		orr	r2, r2, #2
 149 002e 1A64     		str	r2, [r3, #64]
  97:Core/Src/stm32f4xx_hal_msp.c **** 
 150              		.loc 1 97 5 view .LVU27
 151 0030 1A6C     		ldr	r2, [r3, #64]
 152 0032 02F00202 		and	r2, r2, #2
 153 0036 0092     		str	r2, [sp]
  97:Core/Src/stm32f4xx_hal_msp.c **** 
 154              		.loc 1 97 5 view .LVU28
ARM GAS  C:\Users\HOTEL-~1\AppData\Local\Temp\ccz6OsFn.s 			page 6


 155 0038 009A     		ldr	r2, [sp]
 156              	.LBE4:
  97:Core/Src/stm32f4xx_hal_msp.c **** 
 157              		.loc 1 97 5 view .LVU29
  99:Core/Src/stm32f4xx_hal_msp.c ****     /**TIM3 GPIO Configuration
 158              		.loc 1 99 5 view .LVU30
 159              	.LBB5:
  99:Core/Src/stm32f4xx_hal_msp.c ****     /**TIM3 GPIO Configuration
 160              		.loc 1 99 5 view .LVU31
 161 003a 0194     		str	r4, [sp, #4]
  99:Core/Src/stm32f4xx_hal_msp.c ****     /**TIM3 GPIO Configuration
 162              		.loc 1 99 5 view .LVU32
 163 003c 1A6B     		ldr	r2, [r3, #48]
 164 003e 42F00102 		orr	r2, r2, #1
 165 0042 1A63     		str	r2, [r3, #48]
  99:Core/Src/stm32f4xx_hal_msp.c ****     /**TIM3 GPIO Configuration
 166              		.loc 1 99 5 view .LVU33
 167 0044 1B6B     		ldr	r3, [r3, #48]
 168 0046 03F00103 		and	r3, r3, #1
 169 004a 0193     		str	r3, [sp, #4]
  99:Core/Src/stm32f4xx_hal_msp.c ****     /**TIM3 GPIO Configuration
 170              		.loc 1 99 5 view .LVU34
 171 004c 019B     		ldr	r3, [sp, #4]
 172              	.LBE5:
  99:Core/Src/stm32f4xx_hal_msp.c ****     /**TIM3 GPIO Configuration
 173              		.loc 1 99 5 view .LVU35
 103:Core/Src/stm32f4xx_hal_msp.c ****     GPIO_InitStruct.Mode = GPIO_MODE_AF_PP;
 174              		.loc 1 103 5 view .LVU36
 103:Core/Src/stm32f4xx_hal_msp.c ****     GPIO_InitStruct.Mode = GPIO_MODE_AF_PP;
 175              		.loc 1 103 25 is_stmt 0 view .LVU37
 176 004e 4023     		movs	r3, #64
 177 0050 0393     		str	r3, [sp, #12]
 104:Core/Src/stm32f4xx_hal_msp.c ****     GPIO_InitStruct.Pull = GPIO_NOPULL;
 178              		.loc 1 104 5 is_stmt 1 view .LVU38
 104:Core/Src/stm32f4xx_hal_msp.c ****     GPIO_InitStruct.Pull = GPIO_NOPULL;
 179              		.loc 1 104 26 is_stmt 0 view .LVU39
 180 0052 0223     		movs	r3, #2
 181 0054 0493     		str	r3, [sp, #16]
 105:Core/Src/stm32f4xx_hal_msp.c ****     GPIO_InitStruct.Speed = GPIO_SPEED_FREQ_LOW;
 182              		.loc 1 105 5 is_stmt 1 view .LVU40
 106:Core/Src/stm32f4xx_hal_msp.c ****     GPIO_InitStruct.Alternate = GPIO_AF2_TIM3;
 183              		.loc 1 106 5 view .LVU41
 107:Core/Src/stm32f4xx_hal_msp.c ****     HAL_GPIO_Init(GPIOA, &GPIO_InitStruct);
 184              		.loc 1 107 5 view .LVU42
 107:Core/Src/stm32f4xx_hal_msp.c ****     HAL_GPIO_Init(GPIOA, &GPIO_InitStruct);
 185              		.loc 1 107 31 is_stmt 0 view .LVU43
 186 0056 0793     		str	r3, [sp, #28]
 108:Core/Src/stm32f4xx_hal_msp.c **** 
 187              		.loc 1 108 5 is_stmt 1 view .LVU44
 188 0058 03A9     		add	r1, sp, #12
 189 005a 0F48     		ldr	r0, .L11+12
 190              	.LVL3:
 108:Core/Src/stm32f4xx_hal_msp.c **** 
 191              		.loc 1 108 5 is_stmt 0 view .LVU45
 192 005c FFF7FEFF 		bl	HAL_GPIO_Init
 193              	.LVL4:
 111:Core/Src/stm32f4xx_hal_msp.c ****     HAL_NVIC_EnableIRQ(TIM3_IRQn);
ARM GAS  C:\Users\HOTEL-~1\AppData\Local\Temp\ccz6OsFn.s 			page 7


 194              		.loc 1 111 5 is_stmt 1 view .LVU46
 195 0060 2246     		mov	r2, r4
 196 0062 2146     		mov	r1, r4
 197 0064 1D20     		movs	r0, #29
 198 0066 FFF7FEFF 		bl	HAL_NVIC_SetPriority
 199              	.LVL5:
 112:Core/Src/stm32f4xx_hal_msp.c ****     /* USER CODE BEGIN TIM3_MspInit 1 */
 200              		.loc 1 112 5 view .LVU47
 201 006a 1D20     		movs	r0, #29
 202 006c FFF7FEFF 		bl	HAL_NVIC_EnableIRQ
 203              	.LVL6:
 204 0070 D5E7     		b	.L5
 205              	.LVL7:
 206              	.L10:
 123:Core/Src/stm32f4xx_hal_msp.c ****     /* USER CODE BEGIN TIM4_MspInit 1 */
 207              		.loc 1 123 5 view .LVU48
 208              	.LBB6:
 123:Core/Src/stm32f4xx_hal_msp.c ****     /* USER CODE BEGIN TIM4_MspInit 1 */
 209              		.loc 1 123 5 view .LVU49
 210 0072 0023     		movs	r3, #0
 211 0074 0293     		str	r3, [sp, #8]
 123:Core/Src/stm32f4xx_hal_msp.c ****     /* USER CODE BEGIN TIM4_MspInit 1 */
 212              		.loc 1 123 5 view .LVU50
 213 0076 074B     		ldr	r3, .L11+8
 214 0078 1A6C     		ldr	r2, [r3, #64]
 215 007a 42F00402 		orr	r2, r2, #4
 216 007e 1A64     		str	r2, [r3, #64]
 123:Core/Src/stm32f4xx_hal_msp.c ****     /* USER CODE BEGIN TIM4_MspInit 1 */
 217              		.loc 1 123 5 view .LVU51
 218 0080 1B6C     		ldr	r3, [r3, #64]
 219 0082 03F00403 		and	r3, r3, #4
 220 0086 0293     		str	r3, [sp, #8]
 123:Core/Src/stm32f4xx_hal_msp.c ****     /* USER CODE BEGIN TIM4_MspInit 1 */
 221              		.loc 1 123 5 view .LVU52
 222 0088 029B     		ldr	r3, [sp, #8]
 223              	.LBE6:
 123:Core/Src/stm32f4xx_hal_msp.c ****     /* USER CODE BEGIN TIM4_MspInit 1 */
 224              		.loc 1 123 5 discriminator 1 view .LVU53
 225              		.loc 1 129 1 is_stmt 0 view .LVU54
 226 008a C8E7     		b	.L5
 227              	.L12:
 228              		.align	2
 229              	.L11:
 230 008c 00040040 		.word	1073742848
 231 0090 00080040 		.word	1073743872
 232 0094 00380240 		.word	1073887232
 233 0098 00000240 		.word	1073872896
 234              		.cfi_endproc
 235              	.LFE135:
 237              		.section	.text.HAL_TIM_MspPostInit,"ax",%progbits
 238              		.align	1
 239              		.global	HAL_TIM_MspPostInit
 240              		.syntax unified
 241              		.thumb
 242              		.thumb_func
 244              	HAL_TIM_MspPostInit:
 245              	.LVL8:
ARM GAS  C:\Users\HOTEL-~1\AppData\Local\Temp\ccz6OsFn.s 			page 8


 246              	.LFB136:
 130:Core/Src/stm32f4xx_hal_msp.c **** 
 131:Core/Src/stm32f4xx_hal_msp.c **** void HAL_TIM_MspPostInit(TIM_HandleTypeDef* htim)
 132:Core/Src/stm32f4xx_hal_msp.c **** {
 247              		.loc 1 132 1 is_stmt 1 view -0
 248              		.cfi_startproc
 249              		@ args = 0, pretend = 0, frame = 24
 250              		@ frame_needed = 0, uses_anonymous_args = 0
 251              		.loc 1 132 1 is_stmt 0 view .LVU56
 252 0000 00B5     		push	{lr}
 253              	.LCFI6:
 254              		.cfi_def_cfa_offset 4
 255              		.cfi_offset 14, -4
 256 0002 87B0     		sub	sp, sp, #28
 257              	.LCFI7:
 258              		.cfi_def_cfa_offset 32
 133:Core/Src/stm32f4xx_hal_msp.c ****   GPIO_InitTypeDef GPIO_InitStruct = {0};
 259              		.loc 1 133 3 is_stmt 1 view .LVU57
 260              		.loc 1 133 20 is_stmt 0 view .LVU58
 261 0004 0023     		movs	r3, #0
 262 0006 0193     		str	r3, [sp, #4]
 263 0008 0293     		str	r3, [sp, #8]
 264 000a 0393     		str	r3, [sp, #12]
 265 000c 0493     		str	r3, [sp, #16]
 266 000e 0593     		str	r3, [sp, #20]
 134:Core/Src/stm32f4xx_hal_msp.c ****   if(htim->Instance==TIM4)
 267              		.loc 1 134 3 is_stmt 1 view .LVU59
 268              		.loc 1 134 10 is_stmt 0 view .LVU60
 269 0010 0268     		ldr	r2, [r0]
 270              		.loc 1 134 5 view .LVU61
 271 0012 0E4B     		ldr	r3, .L17
 272 0014 9A42     		cmp	r2, r3
 273 0016 02D0     		beq	.L16
 274              	.LVL9:
 275              	.L13:
 135:Core/Src/stm32f4xx_hal_msp.c ****   {
 136:Core/Src/stm32f4xx_hal_msp.c ****     /* USER CODE BEGIN TIM4_MspPostInit 0 */
 137:Core/Src/stm32f4xx_hal_msp.c **** 
 138:Core/Src/stm32f4xx_hal_msp.c ****     /* USER CODE END TIM4_MspPostInit 0 */
 139:Core/Src/stm32f4xx_hal_msp.c **** 
 140:Core/Src/stm32f4xx_hal_msp.c ****     __HAL_RCC_GPIOB_CLK_ENABLE();
 141:Core/Src/stm32f4xx_hal_msp.c ****     /**TIM4 GPIO Configuration
 142:Core/Src/stm32f4xx_hal_msp.c ****     PB6     ------> TIM4_CH1
 143:Core/Src/stm32f4xx_hal_msp.c ****     PB7     ------> TIM4_CH2
 144:Core/Src/stm32f4xx_hal_msp.c ****     */
 145:Core/Src/stm32f4xx_hal_msp.c ****     GPIO_InitStruct.Pin = GPIO_PIN_6|GPIO_PIN_7;
 146:Core/Src/stm32f4xx_hal_msp.c ****     GPIO_InitStruct.Mode = GPIO_MODE_AF_PP;
 147:Core/Src/stm32f4xx_hal_msp.c ****     GPIO_InitStruct.Pull = GPIO_NOPULL;
 148:Core/Src/stm32f4xx_hal_msp.c ****     GPIO_InitStruct.Speed = GPIO_SPEED_FREQ_LOW;
 149:Core/Src/stm32f4xx_hal_msp.c ****     GPIO_InitStruct.Alternate = GPIO_AF2_TIM4;
 150:Core/Src/stm32f4xx_hal_msp.c ****     HAL_GPIO_Init(GPIOB, &GPIO_InitStruct);
 151:Core/Src/stm32f4xx_hal_msp.c **** 
 152:Core/Src/stm32f4xx_hal_msp.c ****     /* USER CODE BEGIN TIM4_MspPostInit 1 */
 153:Core/Src/stm32f4xx_hal_msp.c **** 
 154:Core/Src/stm32f4xx_hal_msp.c ****     /* USER CODE END TIM4_MspPostInit 1 */
 155:Core/Src/stm32f4xx_hal_msp.c ****   }
 156:Core/Src/stm32f4xx_hal_msp.c **** 
ARM GAS  C:\Users\HOTEL-~1\AppData\Local\Temp\ccz6OsFn.s 			page 9


 157:Core/Src/stm32f4xx_hal_msp.c **** }
 276              		.loc 1 157 1 view .LVU62
 277 0018 07B0     		add	sp, sp, #28
 278              	.LCFI8:
 279              		.cfi_remember_state
 280              		.cfi_def_cfa_offset 4
 281              		@ sp needed
 282 001a 5DF804FB 		ldr	pc, [sp], #4
 283              	.LVL10:
 284              	.L16:
 285              	.LCFI9:
 286              		.cfi_restore_state
 140:Core/Src/stm32f4xx_hal_msp.c ****     /**TIM4 GPIO Configuration
 287              		.loc 1 140 5 is_stmt 1 view .LVU63
 288              	.LBB7:
 140:Core/Src/stm32f4xx_hal_msp.c ****     /**TIM4 GPIO Configuration
 289              		.loc 1 140 5 view .LVU64
 290 001e 0023     		movs	r3, #0
 291 0020 0093     		str	r3, [sp]
 140:Core/Src/stm32f4xx_hal_msp.c ****     /**TIM4 GPIO Configuration
 292              		.loc 1 140 5 view .LVU65
 293 0022 0B4B     		ldr	r3, .L17+4
 294 0024 1A6B     		ldr	r2, [r3, #48]
 295 0026 42F00202 		orr	r2, r2, #2
 296 002a 1A63     		str	r2, [r3, #48]
 140:Core/Src/stm32f4xx_hal_msp.c ****     /**TIM4 GPIO Configuration
 297              		.loc 1 140 5 view .LVU66
 298 002c 1B6B     		ldr	r3, [r3, #48]
 299 002e 03F00203 		and	r3, r3, #2
 300 0032 0093     		str	r3, [sp]
 140:Core/Src/stm32f4xx_hal_msp.c ****     /**TIM4 GPIO Configuration
 301              		.loc 1 140 5 view .LVU67
 302 0034 009B     		ldr	r3, [sp]
 303              	.LBE7:
 140:Core/Src/stm32f4xx_hal_msp.c ****     /**TIM4 GPIO Configuration
 304              		.loc 1 140 5 view .LVU68
 145:Core/Src/stm32f4xx_hal_msp.c ****     GPIO_InitStruct.Mode = GPIO_MODE_AF_PP;
 305              		.loc 1 145 5 view .LVU69
 145:Core/Src/stm32f4xx_hal_msp.c ****     GPIO_InitStruct.Mode = GPIO_MODE_AF_PP;
 306              		.loc 1 145 25 is_stmt 0 view .LVU70
 307 0036 C023     		movs	r3, #192
 308 0038 0193     		str	r3, [sp, #4]
 146:Core/Src/stm32f4xx_hal_msp.c ****     GPIO_InitStruct.Pull = GPIO_NOPULL;
 309              		.loc 1 146 5 is_stmt 1 view .LVU71
 146:Core/Src/stm32f4xx_hal_msp.c ****     GPIO_InitStruct.Pull = GPIO_NOPULL;
 310              		.loc 1 146 26 is_stmt 0 view .LVU72
 311 003a 0223     		movs	r3, #2
 312 003c 0293     		str	r3, [sp, #8]
 147:Core/Src/stm32f4xx_hal_msp.c ****     GPIO_InitStruct.Speed = GPIO_SPEED_FREQ_LOW;
 313              		.loc 1 147 5 is_stmt 1 view .LVU73
 148:Core/Src/stm32f4xx_hal_msp.c ****     GPIO_InitStruct.Alternate = GPIO_AF2_TIM4;
 314              		.loc 1 148 5 view .LVU74
 149:Core/Src/stm32f4xx_hal_msp.c ****     HAL_GPIO_Init(GPIOB, &GPIO_InitStruct);
 315              		.loc 1 149 5 view .LVU75
 149:Core/Src/stm32f4xx_hal_msp.c ****     HAL_GPIO_Init(GPIOB, &GPIO_InitStruct);
 316              		.loc 1 149 31 is_stmt 0 view .LVU76
 317 003e 0593     		str	r3, [sp, #20]
ARM GAS  C:\Users\HOTEL-~1\AppData\Local\Temp\ccz6OsFn.s 			page 10


 150:Core/Src/stm32f4xx_hal_msp.c **** 
 318              		.loc 1 150 5 is_stmt 1 view .LVU77
 319 0040 01A9     		add	r1, sp, #4
 320 0042 0448     		ldr	r0, .L17+8
 321              	.LVL11:
 150:Core/Src/stm32f4xx_hal_msp.c **** 
 322              		.loc 1 150 5 is_stmt 0 view .LVU78
 323 0044 FFF7FEFF 		bl	HAL_GPIO_Init
 324              	.LVL12:
 325              		.loc 1 157 1 view .LVU79
 326 0048 E6E7     		b	.L13
 327              	.L18:
 328 004a 00BF     		.align	2
 329              	.L17:
 330 004c 00080040 		.word	1073743872
 331 0050 00380240 		.word	1073887232
 332 0054 00040240 		.word	1073873920
 333              		.cfi_endproc
 334              	.LFE136:
 336              		.section	.text.HAL_TIM_Base_MspDeInit,"ax",%progbits
 337              		.align	1
 338              		.global	HAL_TIM_Base_MspDeInit
 339              		.syntax unified
 340              		.thumb
 341              		.thumb_func
 343              	HAL_TIM_Base_MspDeInit:
 344              	.LVL13:
 345              	.LFB137:
 158:Core/Src/stm32f4xx_hal_msp.c **** /**
 159:Core/Src/stm32f4xx_hal_msp.c ****   * @brief TIM_Base MSP De-Initialization
 160:Core/Src/stm32f4xx_hal_msp.c ****   * This function freeze the hardware resources used in this example
 161:Core/Src/stm32f4xx_hal_msp.c ****   * @param htim_base: TIM_Base handle pointer
 162:Core/Src/stm32f4xx_hal_msp.c ****   * @retval None
 163:Core/Src/stm32f4xx_hal_msp.c ****   */
 164:Core/Src/stm32f4xx_hal_msp.c **** void HAL_TIM_Base_MspDeInit(TIM_HandleTypeDef* htim_base)
 165:Core/Src/stm32f4xx_hal_msp.c **** {
 346              		.loc 1 165 1 is_stmt 1 view -0
 347              		.cfi_startproc
 348              		@ args = 0, pretend = 0, frame = 0
 349              		@ frame_needed = 0, uses_anonymous_args = 0
 350              		.loc 1 165 1 is_stmt 0 view .LVU81
 351 0000 08B5     		push	{r3, lr}
 352              	.LCFI10:
 353              		.cfi_def_cfa_offset 8
 354              		.cfi_offset 3, -8
 355              		.cfi_offset 14, -4
 166:Core/Src/stm32f4xx_hal_msp.c ****   if(htim_base->Instance==TIM3)
 356              		.loc 1 166 3 is_stmt 1 view .LVU82
 357              		.loc 1 166 15 is_stmt 0 view .LVU83
 358 0002 0368     		ldr	r3, [r0]
 359              		.loc 1 166 5 view .LVU84
 360 0004 0D4A     		ldr	r2, .L25
 361 0006 9342     		cmp	r3, r2
 362 0008 03D0     		beq	.L23
 167:Core/Src/stm32f4xx_hal_msp.c ****   {
 168:Core/Src/stm32f4xx_hal_msp.c ****     /* USER CODE BEGIN TIM3_MspDeInit 0 */
 169:Core/Src/stm32f4xx_hal_msp.c **** 
ARM GAS  C:\Users\HOTEL-~1\AppData\Local\Temp\ccz6OsFn.s 			page 11


 170:Core/Src/stm32f4xx_hal_msp.c ****     /* USER CODE END TIM3_MspDeInit 0 */
 171:Core/Src/stm32f4xx_hal_msp.c ****     /* Peripheral clock disable */
 172:Core/Src/stm32f4xx_hal_msp.c ****     __HAL_RCC_TIM3_CLK_DISABLE();
 173:Core/Src/stm32f4xx_hal_msp.c **** 
 174:Core/Src/stm32f4xx_hal_msp.c ****     /**TIM3 GPIO Configuration
 175:Core/Src/stm32f4xx_hal_msp.c ****     PA6     ------> TIM3_CH1
 176:Core/Src/stm32f4xx_hal_msp.c ****     */
 177:Core/Src/stm32f4xx_hal_msp.c ****     HAL_GPIO_DeInit(GPIOA, GPIO_PIN_6);
 178:Core/Src/stm32f4xx_hal_msp.c **** 
 179:Core/Src/stm32f4xx_hal_msp.c ****     /* TIM3 interrupt DeInit */
 180:Core/Src/stm32f4xx_hal_msp.c ****     HAL_NVIC_DisableIRQ(TIM3_IRQn);
 181:Core/Src/stm32f4xx_hal_msp.c ****     /* USER CODE BEGIN TIM3_MspDeInit 1 */
 182:Core/Src/stm32f4xx_hal_msp.c **** 
 183:Core/Src/stm32f4xx_hal_msp.c ****     /* USER CODE END TIM3_MspDeInit 1 */
 184:Core/Src/stm32f4xx_hal_msp.c ****   }
 185:Core/Src/stm32f4xx_hal_msp.c ****   else if(htim_base->Instance==TIM4)
 363              		.loc 1 185 8 is_stmt 1 view .LVU85
 364              		.loc 1 185 10 is_stmt 0 view .LVU86
 365 000a 0D4A     		ldr	r2, .L25+4
 366 000c 9342     		cmp	r3, r2
 367 000e 0ED0     		beq	.L24
 368              	.LVL14:
 369              	.L19:
 186:Core/Src/stm32f4xx_hal_msp.c ****   {
 187:Core/Src/stm32f4xx_hal_msp.c ****     /* USER CODE BEGIN TIM4_MspDeInit 0 */
 188:Core/Src/stm32f4xx_hal_msp.c **** 
 189:Core/Src/stm32f4xx_hal_msp.c ****     /* USER CODE END TIM4_MspDeInit 0 */
 190:Core/Src/stm32f4xx_hal_msp.c ****     /* Peripheral clock disable */
 191:Core/Src/stm32f4xx_hal_msp.c ****     __HAL_RCC_TIM4_CLK_DISABLE();
 192:Core/Src/stm32f4xx_hal_msp.c ****     /* USER CODE BEGIN TIM4_MspDeInit 1 */
 193:Core/Src/stm32f4xx_hal_msp.c **** 
 194:Core/Src/stm32f4xx_hal_msp.c ****     /* USER CODE END TIM4_MspDeInit 1 */
 195:Core/Src/stm32f4xx_hal_msp.c ****   }
 196:Core/Src/stm32f4xx_hal_msp.c **** 
 197:Core/Src/stm32f4xx_hal_msp.c **** }
 370              		.loc 1 197 1 view .LVU87
 371 0010 08BD     		pop	{r3, pc}
 372              	.LVL15:
 373              	.L23:
 172:Core/Src/stm32f4xx_hal_msp.c **** 
 374              		.loc 1 172 5 is_stmt 1 view .LVU88
 375 0012 02F50D32 		add	r2, r2, #144384
 376 0016 136C     		ldr	r3, [r2, #64]
 377 0018 23F00203 		bic	r3, r3, #2
 378 001c 1364     		str	r3, [r2, #64]
 177:Core/Src/stm32f4xx_hal_msp.c **** 
 379              		.loc 1 177 5 view .LVU89
 380 001e 4021     		movs	r1, #64
 381 0020 0848     		ldr	r0, .L25+8
 382              	.LVL16:
 177:Core/Src/stm32f4xx_hal_msp.c **** 
 383              		.loc 1 177 5 is_stmt 0 view .LVU90
 384 0022 FFF7FEFF 		bl	HAL_GPIO_DeInit
 385              	.LVL17:
 180:Core/Src/stm32f4xx_hal_msp.c ****     /* USER CODE BEGIN TIM3_MspDeInit 1 */
 386              		.loc 1 180 5 is_stmt 1 view .LVU91
 387 0026 1D20     		movs	r0, #29
ARM GAS  C:\Users\HOTEL-~1\AppData\Local\Temp\ccz6OsFn.s 			page 12


 388 0028 FFF7FEFF 		bl	HAL_NVIC_DisableIRQ
 389              	.LVL18:
 390 002c F0E7     		b	.L19
 391              	.LVL19:
 392              	.L24:
 191:Core/Src/stm32f4xx_hal_msp.c ****     /* USER CODE BEGIN TIM4_MspDeInit 1 */
 393              		.loc 1 191 5 view .LVU92
 394 002e 02F50C32 		add	r2, r2, #143360
 395 0032 136C     		ldr	r3, [r2, #64]
 396 0034 23F00403 		bic	r3, r3, #4
 397 0038 1364     		str	r3, [r2, #64]
 398              		.loc 1 197 1 is_stmt 0 view .LVU93
 399 003a E9E7     		b	.L19
 400              	.L26:
 401              		.align	2
 402              	.L25:
 403 003c 00040040 		.word	1073742848
 404 0040 00080040 		.word	1073743872
 405 0044 00000240 		.word	1073872896
 406              		.cfi_endproc
 407              	.LFE137:
 409              		.text
 410              	.Letext0:
 411              		.file 2 "Drivers/CMSIS/Device/ST/STM32F4xx/Include/stm32f411xe.h"
 412              		.file 3 "C:/arm-tools/arm-gnu-toolchain-14.2.rel1-mingw-w64-x86_64-arm-none-eabi/arm-none-eabi/inc
 413              		.file 4 "C:/arm-tools/arm-gnu-toolchain-14.2.rel1-mingw-w64-x86_64-arm-none-eabi/arm-none-eabi/inc
 414              		.file 5 "Drivers/STM32F4xx_HAL_Driver/Inc/stm32f4xx_hal_def.h"
 415              		.file 6 "Drivers/STM32F4xx_HAL_Driver/Inc/stm32f4xx_hal_gpio.h"
 416              		.file 7 "Drivers/STM32F4xx_HAL_Driver/Inc/stm32f4xx_hal_dma.h"
 417              		.file 8 "Drivers/STM32F4xx_HAL_Driver/Inc/stm32f4xx_hal_tim.h"
 418              		.file 9 "Drivers/STM32F4xx_HAL_Driver/Inc/stm32f4xx_hal_cortex.h"
ARM GAS  C:\Users\HOTEL-~1\AppData\Local\Temp\ccz6OsFn.s 			page 13


DEFINED SYMBOLS
                            *ABS*:00000000 stm32f4xx_hal_msp.c
C:\Users\HOTEL-~1\AppData\Local\Temp\ccz6OsFn.s:21     .text.HAL_MspInit:00000000 $t
C:\Users\HOTEL-~1\AppData\Local\Temp\ccz6OsFn.s:27     .text.HAL_MspInit:00000000 HAL_MspInit
C:\Users\HOTEL-~1\AppData\Local\Temp\ccz6OsFn.s:80     .text.HAL_MspInit:00000034 $d
C:\Users\HOTEL-~1\AppData\Local\Temp\ccz6OsFn.s:85     .text.HAL_TIM_Base_MspInit:00000000 $t
C:\Users\HOTEL-~1\AppData\Local\Temp\ccz6OsFn.s:91     .text.HAL_TIM_Base_MspInit:00000000 HAL_TIM_Base_MspInit
C:\Users\HOTEL-~1\AppData\Local\Temp\ccz6OsFn.s:230    .text.HAL_TIM_Base_MspInit:0000008c $d
C:\Users\HOTEL-~1\AppData\Local\Temp\ccz6OsFn.s:238    .text.HAL_TIM_MspPostInit:00000000 $t
C:\Users\HOTEL-~1\AppData\Local\Temp\ccz6OsFn.s:244    .text.HAL_TIM_MspPostInit:00000000 HAL_TIM_MspPostInit
C:\Users\HOTEL-~1\AppData\Local\Temp\ccz6OsFn.s:330    .text.HAL_TIM_MspPostInit:0000004c $d
C:\Users\HOTEL-~1\AppData\Local\Temp\ccz6OsFn.s:337    .text.HAL_TIM_Base_MspDeInit:00000000 $t
C:\Users\HOTEL-~1\AppData\Local\Temp\ccz6OsFn.s:343    .text.HAL_TIM_Base_MspDeInit:00000000 HAL_TIM_Base_MspDeInit
C:\Users\HOTEL-~1\AppData\Local\Temp\ccz6OsFn.s:403    .text.HAL_TIM_Base_MspDeInit:0000003c $d

UNDEFINED SYMBOLS
HAL_GPIO_Init
HAL_NVIC_SetPriority
HAL_NVIC_EnableIRQ
HAL_GPIO_DeInit
HAL_NVIC_DisableIRQ
